Component: ARM Compiler 5.06 update 1 (build 61) Tool: armlink [4d35a8]

==============================================================================

Section Cross References

    main.o(i.do_somethingIT2) refers to gpio.o(i.GPIO_Toggle_Pin) for GPIO_Toggle_Pin
    main.o(i.do_something_TIM2) refers to gpio.o(i.GPIO_Toggle_Pin) for GPIO_Toggle_Pin
    main.o(i.main) refers to rcc.o(i.RCC_Config_72Mhz) for RCC_Config_72Mhz
    main.o(i.main) refers to rcc.o(i.RCC_Enable_PortC) for RCC_Enable_PortC
    main.o(i.main) refers to rcc.o(i.RCC_Enable_PortA) for RCC_Enable_PortA
    main.o(i.main) refers to rcc.o(i.RCC_Enable_AFIO) for RCC_Enable_AFIO
    main.o(i.main) refers to rcc.o(i.RCC_Enable_USB) for RCC_Enable_USB
    main.o(i.main) refers to timer.o(i.TIM_Init_IT) for TIM_Init_IT
    main.o(i.main) refers to gpio.o(i.GPIO_Config) for GPIO_Config
    main.o(i.main) refers to exti.o(i.EXTI_INIT) for EXTI_INIT
    main.o(i.main) refers to usb.o(i.USB_Init) for USB_Init
    main.o(i.main) refers to gpio.o(i.GPIO_Toggle_Pin) for GPIO_Toggle_Pin
    main.o(i.main) refers to main.o(i.delay) for delay
    gpio.o(i.GPIO_Config) refers to gpio.o(.data) for check_reset_crl
    exti.o(i.EXTI0_IRQHandler) refers to exti.o(i.do_somethingIT0) for do_somethingIT0
    exti.o(i.EXTI15_10_IRQHandler) refers to exti.o(i.do_somethingIT10) for do_somethingIT10
    exti.o(i.EXTI15_10_IRQHandler) refers to exti.o(i.do_somethingIT11) for do_somethingIT11
    exti.o(i.EXTI15_10_IRQHandler) refers to exti.o(i.do_somethingIT12) for do_somethingIT12
    exti.o(i.EXTI15_10_IRQHandler) refers to exti.o(i.do_somethingIT13) for do_somethingIT13
    exti.o(i.EXTI15_10_IRQHandler) refers to exti.o(i.do_somethingIT14) for do_somethingIT14
    exti.o(i.EXTI15_10_IRQHandler) refers to exti.o(i.do_somethingIT15) for do_somethingIT15
    exti.o(i.EXTI1_IRQHandler) refers to exti.o(i.do_somethingIT1) for do_somethingIT1
    exti.o(i.EXTI2_IRQHandler) refers to main.o(i.do_somethingIT2) for do_somethingIT2
    exti.o(i.EXTI3_IRQHandler) refers to exti.o(i.do_somethingIT3) for do_somethingIT3
    exti.o(i.EXTI4_IRQHandler) refers to exti.o(i.do_somethingIT4) for do_somethingIT4
    exti.o(i.EXTI9_5_IRQHandler) refers to exti.o(i.do_somethingIT5) for do_somethingIT5
    exti.o(i.EXTI9_5_IRQHandler) refers to exti.o(i.do_somethingIT6) for do_somethingIT6
    exti.o(i.EXTI9_5_IRQHandler) refers to exti.o(i.do_somethingIT7) for do_somethingIT7
    exti.o(i.EXTI9_5_IRQHandler) refers to exti.o(i.do_somethingIT8) for do_somethingIT8
    exti.o(i.EXTI9_5_IRQHandler) refers to exti.o(i.do_somethingIT9) for do_somethingIT9
    exti.o(i.EXTI_INIT) refers to rcc.o(i.RCC_Enable_AFIO) for RCC_Enable_AFIO
    exti.o(i.EXTI_INIT) refers to exti.o(i.get_pin_number) for get_pin_number
    adc.o(i.ADC01_CH0_Init) refers to timer.o(i.delay_ms) for delay_ms
    spi.o(i.SPI_ChipSelect) refers to gpio.o(i.GPIO_Write_Pin) for GPIO_Write_Pin
    spi.o(i.SPI_Init) refers to gpio.o(i.GPIO_Config) for GPIO_Config
    spi.o(i.SPI_Init) refers to gpio.o(i.GPIO_Write_Pin) for GPIO_Write_Pin
    spi.o(i.SPI_Receive) refers to spi.o(i.SPI_ChipSelect) for SPI_ChipSelect
    spi.o(i.SPI_Send) refers to spi.o(i.SPI_ChipSelect) for SPI_ChipSelect
    spi.o(i.SPI_TransmitReceive) refers to spi.o(i.SPI_ChipSelect) for SPI_ChipSelect
    usb.o(i.CDC_Receive) refers to usb.o(i.USB_Receive) for USB_Receive
    usb.o(i.CDC_Transmit) refers to usb.o(i.USB_Transmit) for USB_Transmit
    usb.o(i.GetMaxPacketOutEP) refers to usb.o(.bss) for maxPacketOutEP
    usb.o(i.USB_BufferDescTable) refers to usb.o(.bss) for maxPacketOutEP
    usb.o(i.USB_EndpointInit) refers to usb.o(i.USB_BufferDescTable) for USB_BufferDescTable
    usb.o(i.USB_GetString) refers to usb.o(i.USBD_GetLen) for USBD_GetLen
    usb.o(i.USB_Init) refers to exti.o(i.NVIC_USB_En) for NVIC_USB_En
    usb.o(i.USB_LP_CAN1_RX0_IRQHandler) refers to usb.o(i.USB_ResetCallBack) for USB_ResetCallBack
    usb.o(i.USB_LP_CAN1_RX0_IRQHandler) refers to usb.o(i.USB_TransactionCallBack) for USB_TransactionCallBack
    usb.o(i.USB_ProcessDataInStage) refers to usb.o(i.GetMaxPacketOutEP) for GetMaxPacketOutEP
    usb.o(i.USB_ProcessDataInStage) refers to usb.o(i.USB_WritePMA) for USB_WritePMA
    usb.o(i.USB_ProcessDataInStage) refers to usb.o(.data) for ControlState
    usb.o(i.USB_ProcessDataOutStage) refers to usb.o(i.USB_ReadPMA) for USB_ReadPMA
    usb.o(i.USB_ProcessDataOutStage) refers to usb.o(.data) for ControlState
    usb.o(i.USB_ProcessDataOutStage) refers to usb.o(.bss) for bufferControl
    usb.o(i.USB_ProcessSetupStage) refers to usb.o(i.USB_ReadPMA) for USB_ReadPMA
    usb.o(i.USB_ProcessSetupStage) refers to usb.o(i.USB_GetString) for USB_GetString
    usb.o(i.USB_ProcessSetupStage) refers to usb.o(i.USB_EndpointInit) for USB_EndpointInit
    usb.o(i.USB_ProcessSetupStage) refers to usb.o(i.GetMaxPacketOutEP) for GetMaxPacketOutEP
    usb.o(i.USB_ProcessSetupStage) refers to usb.o(.data) for ControlState
    usb.o(i.USB_ProcessSetupStage) refers to usb.o(.bss) for EP0_buffer
    usb.o(i.USB_ProcessSetupStage) refers to usb.o(i.USB_WritePMA) for USB_WritePMA
    usb.o(i.USB_Receive) refers to rt_memcpy_v6.o(.text) for __aeabi_memcpy
    usb.o(i.USB_Receive) refers to usb.o(.data) for USB_ENUM_OK
    usb.o(i.USB_Receive) refers to usb.o(.bss) for buffout
    usb.o(i.USB_ResetCallBack) refers to usb.o(i.USB_EndpointInit) for USB_EndpointInit
    usb.o(i.USB_TransactionCallBack) refers to usb.o(i.USB_ReadPMA) for USB_ReadPMA
    usb.o(i.USB_TransactionCallBack) refers to usb.o(i.USB_ProcessSetupStage) for USB_ProcessSetupStage
    usb.o(i.USB_TransactionCallBack) refers to usb.o(i.USB_ProcessDataOutStage) for USB_ProcessDataOutStage
    usb.o(i.USB_TransactionCallBack) refers to usb.o(i.USB_ProcessDataInStage) for USB_ProcessDataInStage
    usb.o(i.USB_TransactionCallBack) refers to usb.o(.data) for epindex
    usb.o(i.USB_TransactionCallBack) refers to usb.o(.bss) for bufferControl
    usb.o(i.USB_Transmit) refers to usb.o(i.GetMaxPacketOutEP) for GetMaxPacketOutEP
    usb.o(i.USB_Transmit) refers to usb.o(i.USB_WritePMA) for USB_WritePMA
    usb.o(i.USB_Transmit) refers to usb.o(.data) for USB_ENUM_OK
    startup_stm32f10x_md.o(STACK) refers (Special) to system_stm32f10x.o(i.SystemInit) for SystemInit
    startup_stm32f10x_md.o(STACK) refers (Special) to heapauxi.o(.text) for __use_two_region_memory
    startup_stm32f10x_md.o(HEAP) refers (Special) to system_stm32f10x.o(i.SystemInit) for SystemInit
    startup_stm32f10x_md.o(HEAP) refers (Special) to heapauxi.o(.text) for __use_two_region_memory
    startup_stm32f10x_md.o(RESET) refers (Special) to system_stm32f10x.o(i.SystemInit) for SystemInit
    startup_stm32f10x_md.o(RESET) refers (Special) to heapauxi.o(.text) for __use_two_region_memory
    startup_stm32f10x_md.o(RESET) refers to startup_stm32f10x_md.o(STACK) for __initial_sp
    startup_stm32f10x_md.o(RESET) refers to startup_stm32f10x_md.o(.text) for Reset_Handler
    startup_stm32f10x_md.o(RESET) refers to exti.o(i.EXTI0_IRQHandler) for EXTI0_IRQHandler
    startup_stm32f10x_md.o(RESET) refers to exti.o(i.EXTI1_IRQHandler) for EXTI1_IRQHandler
    startup_stm32f10x_md.o(RESET) refers to exti.o(i.EXTI2_IRQHandler) for EXTI2_IRQHandler
    startup_stm32f10x_md.o(RESET) refers to exti.o(i.EXTI3_IRQHandler) for EXTI3_IRQHandler
    startup_stm32f10x_md.o(RESET) refers to exti.o(i.EXTI4_IRQHandler) for EXTI4_IRQHandler
    startup_stm32f10x_md.o(RESET) refers to usb.o(i.USB_LP_CAN1_RX0_IRQHandler) for USB_LP_CAN1_RX0_IRQHandler
    startup_stm32f10x_md.o(RESET) refers to exti.o(i.EXTI9_5_IRQHandler) for EXTI9_5_IRQHandler
    startup_stm32f10x_md.o(RESET) refers to exti.o(i.EXTI15_10_IRQHandler) for EXTI15_10_IRQHandler
    startup_stm32f10x_md.o(.text) refers (Special) to system_stm32f10x.o(i.SystemInit) for SystemInit
    startup_stm32f10x_md.o(.text) refers (Special) to heapauxi.o(.text) for __use_two_region_memory
    startup_stm32f10x_md.o(.text) refers to __main.o(!!!main) for __main
    startup_stm32f10x_md.o(.text) refers to startup_stm32f10x_md.o(HEAP) for Heap_Mem
    startup_stm32f10x_md.o(.text) refers to startup_stm32f10x_md.o(STACK) for Stack_Mem
    system_stm32f10x.o(i.SetSysClock) refers to system_stm32f10x.o(i.SetSysClockTo72) for SetSysClockTo72
    system_stm32f10x.o(i.SystemCoreClockUpdate) refers to system_stm32f10x.o(.data) for SystemCoreClock
    system_stm32f10x.o(i.SystemInit) refers to system_stm32f10x.o(i.SetSysClock) for SetSysClock
    rt_memcpy_v6.o(.text) refers to rt_memcpy_w.o(.text) for __aeabi_memcpy4
    __main.o(!!!main) refers to __rtentry.o(.ARM.Collect$$rtentry$$00000000) for __rt_entry
    __rtentry.o(.ARM.Collect$$rtentry$$00000000) refers (Special) to __rtentry2.o(.ARM.Collect$$rtentry$$0000000A) for __rt_entry_li
    __rtentry.o(.ARM.Collect$$rtentry$$00000000) refers (Special) to __rtentry2.o(.ARM.Collect$$rtentry$$0000000D) for __rt_entry_main
    __rtentry.o(.ARM.Collect$$rtentry$$00000000) refers (Special) to __rtentry2.o(.ARM.Collect$$rtentry$$0000000C) for __rt_entry_postli_1
    __rtentry.o(.ARM.Collect$$rtentry$$00000000) refers (Special) to __rtentry2.o(.ARM.Collect$$rtentry$$00000009) for __rt_entry_postsh_1
    __rtentry.o(.ARM.Collect$$rtentry$$00000000) refers (Special) to __rtentry2.o(.ARM.Collect$$rtentry$$00000002) for __rt_entry_presh_1
    __rtentry.o(.ARM.Collect$$rtentry$$00000000) refers (Special) to __rtentry4.o(.ARM.Collect$$rtentry$$00000004) for __rt_entry_sh
    __rtentry2.o(.ARM.Collect$$rtentry$$00000008) refers to boardinit2.o(.text) for _platform_post_stackheap_init
    __rtentry2.o(.ARM.Collect$$rtentry$$0000000A) refers to libinit.o(.ARM.Collect$$libinit$$00000000) for __rt_lib_init
    __rtentry2.o(.ARM.Collect$$rtentry$$0000000B) refers to boardinit3.o(.text) for _platform_post_lib_init
    __rtentry2.o(.ARM.Collect$$rtentry$$0000000D) refers to main.o(i.main) for main
    __rtentry2.o(.ARM.Collect$$rtentry$$0000000D) refers to exit.o(.text) for exit
    __rtentry2.o(.ARM.exidx) refers to __rtentry2.o(.ARM.Collect$$rtentry$$00000001) for .ARM.Collect$$rtentry$$00000001
    __rtentry2.o(.ARM.exidx) refers to __rtentry2.o(.ARM.Collect$$rtentry$$00000008) for .ARM.Collect$$rtentry$$00000008
    __rtentry2.o(.ARM.exidx) refers to __rtentry2.o(.ARM.Collect$$rtentry$$0000000A) for .ARM.Collect$$rtentry$$0000000A
    __rtentry2.o(.ARM.exidx) refers to __rtentry2.o(.ARM.Collect$$rtentry$$0000000B) for .ARM.Collect$$rtentry$$0000000B
    __rtentry2.o(.ARM.exidx) refers to __rtentry2.o(.ARM.Collect$$rtentry$$0000000D) for .ARM.Collect$$rtentry$$0000000D
    __rtentry4.o(.ARM.Collect$$rtentry$$00000004) refers to sys_stackheap_outer.o(.text) for __user_setup_stackheap
    __rtentry4.o(.ARM.exidx) refers to __rtentry4.o(.ARM.Collect$$rtentry$$00000004) for .ARM.Collect$$rtentry$$00000004
    sys_stackheap_outer.o(.text) refers to libspace.o(.text) for __user_perproc_libspace
    sys_stackheap_outer.o(.text) refers to startup_stm32f10x_md.o(.text) for __user_initial_stackheap
    exit.o(.text) refers to rtexit.o(.ARM.Collect$$rtexit$$00000000) for __rt_exit
    libinit.o(.ARM.Collect$$libinit$$00000000) refers (Special) to libinit2.o(.ARM.Collect$$libinit$$0000002E) for __rt_lib_init_alloca_1
    libinit.o(.ARM.Collect$$libinit$$00000000) refers (Special) to libinit2.o(.ARM.Collect$$libinit$$0000002C) for __rt_lib_init_argv_1
    libinit.o(.ARM.Collect$$libinit$$00000000) refers (Special) to libinit2.o(.ARM.Collect$$libinit$$0000001B) for __rt_lib_init_atexit_1
    libinit.o(.ARM.Collect$$libinit$$00000000) refers (Special) to libinit2.o(.ARM.Collect$$libinit$$00000021) for __rt_lib_init_clock_1
    libinit.o(.ARM.Collect$$libinit$$00000000) refers (Special) to libinit2.o(.ARM.Collect$$libinit$$00000032) for __rt_lib_init_cpp_1
    libinit.o(.ARM.Collect$$libinit$$00000000) refers (Special) to libinit2.o(.ARM.Collect$$libinit$$00000030) for __rt_lib_init_exceptions_1
    libinit.o(.ARM.Collect$$libinit$$00000000) refers (Special) to libinit2.o(.ARM.Collect$$libinit$$00000002) for __rt_lib_init_fp_1
    libinit.o(.ARM.Collect$$libinit$$00000000) refers (Special) to libinit2.o(.ARM.Collect$$libinit$$0000001F) for __rt_lib_init_fp_trap_1
    libinit.o(.ARM.Collect$$libinit$$00000000) refers (Special) to libinit2.o(.ARM.Collect$$libinit$$00000023) for __rt_lib_init_getenv_1
    libinit.o(.ARM.Collect$$libinit$$00000000) refers (Special) to libinit2.o(.ARM.Collect$$libinit$$0000000A) for __rt_lib_init_heap_1
    libinit.o(.ARM.Collect$$libinit$$00000000) refers (Special) to libinit2.o(.ARM.Collect$$libinit$$00000011) for __rt_lib_init_lc_collate_1
    libinit.o(.ARM.Collect$$libinit$$00000000) refers (Special) to libinit2.o(.ARM.Collect$$libinit$$00000013) for __rt_lib_init_lc_ctype_1
    libinit.o(.ARM.Collect$$libinit$$00000000) refers (Special) to libinit2.o(.ARM.Collect$$libinit$$00000015) for __rt_lib_init_lc_monetary_1
    libinit.o(.ARM.Collect$$libinit$$00000000) refers (Special) to libinit2.o(.ARM.Collect$$libinit$$00000017) for __rt_lib_init_lc_numeric_1
    libinit.o(.ARM.Collect$$libinit$$00000000) refers (Special) to libinit2.o(.ARM.Collect$$libinit$$00000019) for __rt_lib_init_lc_time_1
    libinit.o(.ARM.Collect$$libinit$$00000000) refers (Special) to libinit2.o(.ARM.Collect$$libinit$$00000004) for __rt_lib_init_preinit_1
    libinit.o(.ARM.Collect$$libinit$$00000000) refers (Special) to libinit2.o(.ARM.Collect$$libinit$$0000000E) for __rt_lib_init_rand_1
    libinit.o(.ARM.Collect$$libinit$$00000000) refers (Special) to libinit2.o(.ARM.Collect$$libinit$$00000033) for __rt_lib_init_return
    libinit.o(.ARM.Collect$$libinit$$00000000) refers (Special) to libinit2.o(.ARM.Collect$$libinit$$0000001D) for __rt_lib_init_signal_1
    libinit.o(.ARM.Collect$$libinit$$00000000) refers (Special) to libinit2.o(.ARM.Collect$$libinit$$00000025) for __rt_lib_init_stdio_1
    libinit.o(.ARM.Collect$$libinit$$00000000) refers (Special) to libinit2.o(.ARM.Collect$$libinit$$0000000C) for __rt_lib_init_user_alloc_1
    libspace.o(.text) refers to libspace.o(.bss) for __libspace_start
    rtexit.o(.ARM.Collect$$rtexit$$00000000) refers (Special) to rtexit2.o(.ARM.Collect$$rtexit$$00000004) for __rt_exit_exit
    rtexit.o(.ARM.Collect$$rtexit$$00000000) refers (Special) to rtexit2.o(.ARM.Collect$$rtexit$$00000003) for __rt_exit_ls
    rtexit.o(.ARM.Collect$$rtexit$$00000000) refers (Special) to rtexit2.o(.ARM.Collect$$rtexit$$00000002) for __rt_exit_prels_1
    rtexit.o(.ARM.exidx) refers (Special) to rtexit2.o(.ARM.Collect$$rtexit$$00000004) for __rt_exit_exit
    rtexit.o(.ARM.exidx) refers (Special) to rtexit2.o(.ARM.Collect$$rtexit$$00000003) for __rt_exit_ls
    rtexit.o(.ARM.exidx) refers (Special) to rtexit2.o(.ARM.Collect$$rtexit$$00000002) for __rt_exit_prels_1
    rtexit.o(.ARM.exidx) refers to rtexit.o(.ARM.Collect$$rtexit$$00000000) for .ARM.Collect$$rtexit$$00000000
    libinit2.o(.ARM.Collect$$libinit$$00000010) refers to libinit2.o(.ARM.Collect$$libinit$$0000000F) for .ARM.Collect$$libinit$$0000000F
    libinit2.o(.ARM.Collect$$libinit$$00000012) refers to libinit2.o(.ARM.Collect$$libinit$$0000000F) for .ARM.Collect$$libinit$$0000000F
    libinit2.o(.ARM.Collect$$libinit$$00000014) refers to libinit2.o(.ARM.Collect$$libinit$$0000000F) for .ARM.Collect$$libinit$$0000000F
    libinit2.o(.ARM.Collect$$libinit$$00000016) refers to libinit2.o(.ARM.Collect$$libinit$$0000000F) for .ARM.Collect$$libinit$$0000000F
    libinit2.o(.ARM.Collect$$libinit$$00000018) refers to libinit2.o(.ARM.Collect$$libinit$$0000000F) for .ARM.Collect$$libinit$$0000000F
    libinit2.o(.ARM.Collect$$libinit$$00000026) refers to argv_veneer.o(.emb_text) for __ARM_argv_veneer
    libinit2.o(.ARM.Collect$$libinit$$00000027) refers to argv_veneer.o(.emb_text) for __ARM_argv_veneer
    rtexit2.o(.ARM.Collect$$rtexit$$00000003) refers to libshutdown.o(.ARM.Collect$$libshutdown$$00000000) for __rt_lib_shutdown
    rtexit2.o(.ARM.Collect$$rtexit$$00000004) refers to sys_exit.o(.text) for _sys_exit
    rtexit2.o(.ARM.exidx) refers to rtexit2.o(.ARM.Collect$$rtexit$$00000001) for .ARM.Collect$$rtexit$$00000001
    rtexit2.o(.ARM.exidx) refers to rtexit2.o(.ARM.Collect$$rtexit$$00000003) for .ARM.Collect$$rtexit$$00000003
    rtexit2.o(.ARM.exidx) refers to rtexit2.o(.ARM.Collect$$rtexit$$00000004) for .ARM.Collect$$rtexit$$00000004
    argv_veneer.o(.emb_text) refers to no_argv.o(.text) for __ARM_get_argv
    sys_exit.o(.text) refers (Special) to use_no_semi.o(.text) for __I$use$semihosting
    sys_exit.o(.text) refers (Special) to indicate_semi.o(.text) for __semihosting_library_function
    _get_argv_nomalloc.o(.text) refers (Special) to hrguard.o(.text) for __heap_region$guard
    _get_argv_nomalloc.o(.text) refers to defsig_rtmem_outer.o(.text) for __rt_SIGRTMEM
    _get_argv_nomalloc.o(.text) refers to sys_command.o(.text) for _sys_command_string
    libshutdown.o(.ARM.Collect$$libshutdown$$00000000) refers (Special) to libshutdown2.o(.ARM.Collect$$libshutdown$$00000002) for __rt_lib_shutdown_cpp_1
    libshutdown.o(.ARM.Collect$$libshutdown$$00000000) refers (Special) to libshutdown2.o(.ARM.Collect$$libshutdown$$00000007) for __rt_lib_shutdown_fp_trap_1
    libshutdown.o(.ARM.Collect$$libshutdown$$00000000) refers (Special) to libshutdown2.o(.ARM.Collect$$libshutdown$$0000000F) for __rt_lib_shutdown_heap_1
    libshutdown.o(.ARM.Collect$$libshutdown$$00000000) refers (Special) to libshutdown2.o(.ARM.Collect$$libshutdown$$00000010) for __rt_lib_shutdown_return
    libshutdown.o(.ARM.Collect$$libshutdown$$00000000) refers (Special) to libshutdown2.o(.ARM.Collect$$libshutdown$$0000000A) for __rt_lib_shutdown_signal_1
    libshutdown.o(.ARM.Collect$$libshutdown$$00000000) refers (Special) to libshutdown2.o(.ARM.Collect$$libshutdown$$00000004) for __rt_lib_shutdown_stdio_1
    libshutdown.o(.ARM.Collect$$libshutdown$$00000000) refers (Special) to libshutdown2.o(.ARM.Collect$$libshutdown$$0000000C) for __rt_lib_shutdown_user_alloc_1
    sys_command.o(.text) refers (Special) to use_no_semi.o(.text) for __I$use$semihosting
    sys_command.o(.text) refers (Special) to indicate_semi.o(.text) for __semihosting_library_function
    defsig_rtmem_outer.o(.text) refers to defsig_rtmem_inner.o(.text) for __rt_SIGRTMEM_inner
    defsig_rtmem_outer.o(.text) refers to defsig_exit.o(.text) for __sig_exit
    defsig_rtmem_formal.o(.text) refers to rt_raise.o(.text) for __rt_raise
    rt_raise.o(.text) refers to __raise.o(.text) for __raise
    rt_raise.o(.text) refers to sys_exit.o(.text) for _sys_exit
    defsig_exit.o(.text) refers to sys_exit.o(.text) for _sys_exit
    defsig_rtmem_inner.o(.text) refers to defsig_general.o(.text) for __default_signal_display
    __raise.o(.text) refers to defsig.o(CL$$defsig) for __default_signal_handler
    defsig_general.o(.text) refers to sys_wrch.o(.text) for _ttywrch
    sys_wrch.o(.text) refers (Special) to use_no_semi.o(.text) for __I$use$semihosting
    sys_wrch.o(.text) refers (Special) to indicate_semi.o(.text) for __semihosting_library_function
    defsig.o(CL$$defsig) refers to defsig_rtmem_inner.o(.text) for __rt_SIGRTMEM_inner
    defsig_abrt_inner.o(.text) refers to defsig_general.o(.text) for __default_signal_display
    defsig_fpe_inner.o(.text) refers to defsig_general.o(.text) for __default_signal_display
    defsig_rtred_inner.o(.text) refers to defsig_general.o(.text) for __default_signal_display
    defsig_stak_inner.o(.text) refers to defsig_general.o(.text) for __default_signal_display
    defsig_pvfn_inner.o(.text) refers to defsig_general.o(.text) for __default_signal_display
    defsig_cppl_inner.o(.text) refers to defsig_general.o(.text) for __default_signal_display
    defsig_segv_inner.o(.text) refers to defsig_general.o(.text) for __default_signal_display
    defsig_other.o(.text) refers to defsig_general.o(.text) for __default_signal_display


==============================================================================

Removing Unused input sections from the image.

    Removing main.o(i.do_something_TIM2), (20 bytes).
    Removing rcc.o(i.RCC_Enable_ADC01), (24 bytes).
    Removing rcc.o(i.RCC_Enable_I2C1), (24 bytes).
    Removing rcc.o(i.RCC_Enable_PortB), (20 bytes).
    Removing rcc.o(i.RCC_Enable_SPI1), (24 bytes).
    Removing rcc.o(i.RCC_Enable_TIM2), (20 bytes).
    Removing rcc.o(i.RCC_Enable_UART1), (24 bytes).
    Removing gpio.o(i.GPIO_Read_Pin), (16 bytes).
    Removing gpio.o(i.GPIO_Write_Pin), (10 bytes).
    Removing exti.o(i.NVIC_UART_En), (24 bytes).
    Removing exti.o(i.do_somethingIT2), (2 bytes).
    Removing timer.o(i.TIM_IRQHandler), (26 bytes).
    Removing timer.o(i.delay_ms), (42 bytes).
    Removing adc.o(i.ADC01_CH0_Init), (164 bytes).
    Removing adc.o(i.ADC01_CH0_Read), (28 bytes).
    Removing spi.o(i.SPI_ChipSelect), (34 bytes).
    Removing spi.o(i.SPI_Init), (220 bytes).
    Removing spi.o(i.SPI_Receive), (80 bytes).
    Removing spi.o(i.SPI_Send), (76 bytes).
    Removing spi.o(i.SPI_TransmitReceive), (82 bytes).
    Removing usb.o(i.CDC_Receive), (14 bytes).
    Removing usb.o(i.CDC_Transmit), (18 bytes).
    Removing usb.o(i.USB_Receive), (80 bytes).
    Removing usb.o(i.USB_Transmit), (272 bytes).
    Removing system_stm32f10x.o(.rev16_text), (4 bytes).
    Removing system_stm32f10x.o(.revsh_text), (4 bytes).
    Removing system_stm32f10x.o(.rrx_text), (6 bytes).
    Removing system_stm32f10x.o(i.SystemCoreClockUpdate), (164 bytes).
    Removing system_stm32f10x.o(.data), (20 bytes).

29 unused section(s) (total 1542 bytes) removed from the image.

==============================================================================

Image Symbol Table

    Local Symbols

    Symbol Name                              Value     Ov Type        Size  Object(Section)

    ../clib/angel/boardlib.s                 0x00000000   Number         0  boardinit2.o ABSOLUTE
    ../clib/angel/boardlib.s                 0x00000000   Number         0  boardinit1.o ABSOLUTE
    ../clib/angel/boardlib.s                 0x00000000   Number         0  boardshut.o ABSOLUTE
    ../clib/angel/boardlib.s                 0x00000000   Number         0  boardinit3.o ABSOLUTE
    ../clib/angel/handlers.s                 0x00000000   Number         0  __scatter_copy.o ABSOLUTE
    ../clib/angel/handlers.s                 0x00000000   Number         0  __scatter_zi.o ABSOLUTE
    ../clib/angel/kernel.s                   0x00000000   Number         0  rtexit2.o ABSOLUTE
    ../clib/angel/kernel.s                   0x00000000   Number         0  __rtentry4.o ABSOLUTE
    ../clib/angel/kernel.s                   0x00000000   Number         0  rtexit.o ABSOLUTE
    ../clib/angel/kernel.s                   0x00000000   Number         0  __rtentry.o ABSOLUTE
    ../clib/angel/kernel.s                   0x00000000   Number         0  __rtentry2.o ABSOLUTE
    ../clib/angel/rt.s                       0x00000000   Number         0  rt_raise.o ABSOLUTE
    ../clib/angel/scatter.s                  0x00000000   Number         0  __scatter.o ABSOLUTE
    ../clib/angel/startup.s                  0x00000000   Number         0  __main.o ABSOLUTE
    ../clib/angel/sys.s                      0x00000000   Number         0  libspace.o ABSOLUTE
    ../clib/angel/sys.s                      0x00000000   Number         0  indicate_semi.o ABSOLUTE
    ../clib/angel/sys.s                      0x00000000   Number         0  use_no_semi.o ABSOLUTE
    ../clib/angel/sys.s                      0x00000000   Number         0  sys_stackheap_outer.o ABSOLUTE
    ../clib/angel/sysapp.c                   0x00000000   Number         0  sys_command.o ABSOLUTE
    ../clib/angel/sysapp.c                   0x00000000   Number         0  sys_exit.o ABSOLUTE
    ../clib/angel/sysapp.c                   0x00000000   Number         0  sys_wrch.o ABSOLUTE
    ../clib/armsys.c                         0x00000000   Number         0  no_argv.o ABSOLUTE
    ../clib/armsys.c                         0x00000000   Number         0  _get_argv_nomalloc.o ABSOLUTE
    ../clib/armsys.c                         0x00000000   Number         0  argv_veneer.o ABSOLUTE
    ../clib/armsys.c                         0x00000000   Number         0  argv_veneer.o ABSOLUTE
    ../clib/heapalloc.c                      0x00000000   Number         0  hrguard.o ABSOLUTE
    ../clib/heapaux.c                        0x00000000   Number         0  heapauxi.o ABSOLUTE
    ../clib/libinit.s                        0x00000000   Number         0  libinit2.o ABSOLUTE
    ../clib/libinit.s                        0x00000000   Number         0  libinit.o ABSOLUTE
    ../clib/libinit.s                        0x00000000   Number         0  libshutdown2.o ABSOLUTE
    ../clib/libinit.s                        0x00000000   Number         0  libshutdown.o ABSOLUTE
    ../clib/memcpset.s                       0x00000000   Number         0  rt_memcpy_v6.o ABSOLUTE
    ../clib/memcpset.s                       0x00000000   Number         0  rt_memcpy_w.o ABSOLUTE
    ../clib/signal.c                         0x00000000   Number         0  defsig_rtmem_formal.o ABSOLUTE
    ../clib/signal.c                         0x00000000   Number         0  defsig_rtmem_outer.o ABSOLUTE
    ../clib/signal.c                         0x00000000   Number         0  defsig_rtmem_inner.o ABSOLUTE
    ../clib/signal.c                         0x00000000   Number         0  defsig_exit.o ABSOLUTE
    ../clib/signal.c                         0x00000000   Number         0  defsig_abrt_inner.o ABSOLUTE
    ../clib/signal.c                         0x00000000   Number         0  defsig_other.o ABSOLUTE
    ../clib/signal.c                         0x00000000   Number         0  defsig_segv_inner.o ABSOLUTE
    ../clib/signal.c                         0x00000000   Number         0  defsig_cppl_inner.o ABSOLUTE
    ../clib/signal.c                         0x00000000   Number         0  defsig_pvfn_inner.o ABSOLUTE
    ../clib/signal.c                         0x00000000   Number         0  defsig_stak_inner.o ABSOLUTE
    ../clib/signal.c                         0x00000000   Number         0  defsig_rtred_inner.o ABSOLUTE
    ../clib/signal.c                         0x00000000   Number         0  defsig_fpe_inner.o ABSOLUTE
    ../clib/signal.c                         0x00000000   Number         0  defsig_general.o ABSOLUTE
    ../clib/signal.c                         0x00000000   Number         0  __raise.o ABSOLUTE
    ../clib/signal.s                         0x00000000   Number         0  defsig.o ABSOLUTE
    ../clib/stdlib.c                         0x00000000   Number         0  exit.o ABSOLUTE
    ../fplib/fpinit.s                        0x00000000   Number         0  fpinit.o ABSOLUTE
    Driver\SPI.c                             0x00000000   Number         0  spi.o ABSOLUTE
    Driver\USB.c                             0x00000000   Number         0  usb.o ABSOLUTE
    Driver\adc.c                             0x00000000   Number         0  adc.o ABSOLUTE
    Driver\afio.c                            0x00000000   Number         0  afio.o ABSOLUTE
    Driver\exti.c                            0x00000000   Number         0  exti.o ABSOLUTE
    Driver\gpio.c                            0x00000000   Number         0  gpio.o ABSOLUTE
    Driver\rcc.c                             0x00000000   Number         0  rcc.o ABSOLUTE
    Driver\timer.c                           0x00000000   Number         0  timer.o ABSOLUTE
    RTE\Device\STM32F103C8\startup_stm32f10x_md.s 0x00000000   Number         0  startup_stm32f10x_md.o ABSOLUTE
    RTE\Device\STM32F103C8\system_stm32f10x.c 0x00000000   Number         0  system_stm32f10x.o ABSOLUTE
    RTE\\Device\\STM32F103C8\\system_stm32f10x.c 0x00000000   Number         0  system_stm32f10x.o ABSOLUTE
    Src\main.c                               0x00000000   Number         0  main.o ABSOLUTE
    dc.s                                     0x00000000   Number         0  dc.o ABSOLUTE
    RESET                                    0x08000000   Section      236  startup_stm32f10x_md.o(RESET)
    !!!main                                  0x080000ec   Section        8  __main.o(!!!main)
    !!!scatter                               0x080000f4   Section       52  __scatter.o(!!!scatter)
    !!handler_copy                           0x08000128   Section       26  __scatter_copy.o(!!handler_copy)
    !!handler_zi                             0x08000144   Section       28  __scatter_zi.o(!!handler_zi)
    .ARM.Collect$$libinit$$00000000          0x08000160   Section        2  libinit.o(.ARM.Collect$$libinit$$00000000)
    .ARM.Collect$$libinit$$00000002          0x08000162   Section        0  libinit2.o(.ARM.Collect$$libinit$$00000002)
    .ARM.Collect$$libinit$$00000004          0x08000162   Section        0  libinit2.o(.ARM.Collect$$libinit$$00000004)
    .ARM.Collect$$libinit$$0000000A          0x08000162   Section        0  libinit2.o(.ARM.Collect$$libinit$$0000000A)
    .ARM.Collect$$libinit$$0000000C          0x08000162   Section        0  libinit2.o(.ARM.Collect$$libinit$$0000000C)
    .ARM.Collect$$libinit$$0000000E          0x08000162   Section        0  libinit2.o(.ARM.Collect$$libinit$$0000000E)
    .ARM.Collect$$libinit$$00000011          0x08000162   Section        0  libinit2.o(.ARM.Collect$$libinit$$00000011)
    .ARM.Collect$$libinit$$00000013          0x08000162   Section        0  libinit2.o(.ARM.Collect$$libinit$$00000013)
    .ARM.Collect$$libinit$$00000015          0x08000162   Section        0  libinit2.o(.ARM.Collect$$libinit$$00000015)
    .ARM.Collect$$libinit$$00000017          0x08000162   Section        0  libinit2.o(.ARM.Collect$$libinit$$00000017)
    .ARM.Collect$$libinit$$00000019          0x08000162   Section        0  libinit2.o(.ARM.Collect$$libinit$$00000019)
    .ARM.Collect$$libinit$$0000001B          0x08000162   Section        0  libinit2.o(.ARM.Collect$$libinit$$0000001B)
    .ARM.Collect$$libinit$$0000001D          0x08000162   Section        0  libinit2.o(.ARM.Collect$$libinit$$0000001D)
    .ARM.Collect$$libinit$$0000001F          0x08000162   Section        0  libinit2.o(.ARM.Collect$$libinit$$0000001F)
    .ARM.Collect$$libinit$$00000021          0x08000162   Section        0  libinit2.o(.ARM.Collect$$libinit$$00000021)
    .ARM.Collect$$libinit$$00000023          0x08000162   Section        0  libinit2.o(.ARM.Collect$$libinit$$00000023)
    .ARM.Collect$$libinit$$00000025          0x08000162   Section        0  libinit2.o(.ARM.Collect$$libinit$$00000025)
    .ARM.Collect$$libinit$$0000002C          0x08000162   Section        0  libinit2.o(.ARM.Collect$$libinit$$0000002C)
    .ARM.Collect$$libinit$$0000002E          0x08000162   Section        0  libinit2.o(.ARM.Collect$$libinit$$0000002E)
    .ARM.Collect$$libinit$$00000030          0x08000162   Section        0  libinit2.o(.ARM.Collect$$libinit$$00000030)
    .ARM.Collect$$libinit$$00000032          0x08000162   Section        0  libinit2.o(.ARM.Collect$$libinit$$00000032)
    .ARM.Collect$$libinit$$00000033          0x08000162   Section        2  libinit2.o(.ARM.Collect$$libinit$$00000033)
    .ARM.Collect$$libshutdown$$00000000      0x08000164   Section        2  libshutdown.o(.ARM.Collect$$libshutdown$$00000000)
    .ARM.Collect$$libshutdown$$00000002      0x08000166   Section        0  libshutdown2.o(.ARM.Collect$$libshutdown$$00000002)
    .ARM.Collect$$libshutdown$$00000004      0x08000166   Section        0  libshutdown2.o(.ARM.Collect$$libshutdown$$00000004)
    .ARM.Collect$$libshutdown$$00000007      0x08000166   Section        0  libshutdown2.o(.ARM.Collect$$libshutdown$$00000007)
    .ARM.Collect$$libshutdown$$0000000A      0x08000166   Section        0  libshutdown2.o(.ARM.Collect$$libshutdown$$0000000A)
    .ARM.Collect$$libshutdown$$0000000C      0x08000166   Section        0  libshutdown2.o(.ARM.Collect$$libshutdown$$0000000C)
    .ARM.Collect$$libshutdown$$0000000F      0x08000166   Section        0  libshutdown2.o(.ARM.Collect$$libshutdown$$0000000F)
    .ARM.Collect$$libshutdown$$00000010      0x08000166   Section        2  libshutdown2.o(.ARM.Collect$$libshutdown$$00000010)
    .ARM.Collect$$rtentry$$00000000          0x08000168   Section        0  __rtentry.o(.ARM.Collect$$rtentry$$00000000)
    .ARM.Collect$$rtentry$$00000002          0x08000168   Section        0  __rtentry2.o(.ARM.Collect$$rtentry$$00000002)
    .ARM.Collect$$rtentry$$00000004          0x08000168   Section        6  __rtentry4.o(.ARM.Collect$$rtentry$$00000004)
    .ARM.Collect$$rtentry$$00000009          0x0800016e   Section        0  __rtentry2.o(.ARM.Collect$$rtentry$$00000009)
    .ARM.Collect$$rtentry$$0000000A          0x0800016e   Section        4  __rtentry2.o(.ARM.Collect$$rtentry$$0000000A)
    .ARM.Collect$$rtentry$$0000000C          0x08000172   Section        0  __rtentry2.o(.ARM.Collect$$rtentry$$0000000C)
    .ARM.Collect$$rtentry$$0000000D          0x08000172   Section        8  __rtentry2.o(.ARM.Collect$$rtentry$$0000000D)
    .ARM.Collect$$rtexit$$00000000           0x0800017a   Section        2  rtexit.o(.ARM.Collect$$rtexit$$00000000)
    .ARM.Collect$$rtexit$$00000002           0x0800017c   Section        0  rtexit2.o(.ARM.Collect$$rtexit$$00000002)
    .ARM.Collect$$rtexit$$00000003           0x0800017c   Section        4  rtexit2.o(.ARM.Collect$$rtexit$$00000003)
    .ARM.Collect$$rtexit$$00000004           0x08000180   Section        6  rtexit2.o(.ARM.Collect$$rtexit$$00000004)
    .text                                    0x08000188   Section       56  startup_stm32f10x_md.o(.text)
    .text                                    0x080001c0   Section        0  heapauxi.o(.text)
    .text                                    0x080001c6   Section       74  sys_stackheap_outer.o(.text)
    .text                                    0x08000210   Section        0  exit.o(.text)
    .text                                    0x08000224   Section        8  libspace.o(.text)
    .text                                    0x0800022c   Section        0  sys_exit.o(.text)
    .text                                    0x08000238   Section        2  use_no_semi.o(.text)
    .text                                    0x0800023a   Section        0  indicate_semi.o(.text)
    i.EXTI0_IRQHandler                       0x0800023c   Section        0  exti.o(i.EXTI0_IRQHandler)
    i.EXTI15_10_IRQHandler                   0x08000260   Section        0  exti.o(i.EXTI15_10_IRQHandler)
    i.EXTI1_IRQHandler                       0x08000304   Section        0  exti.o(i.EXTI1_IRQHandler)
    i.EXTI2_IRQHandler                       0x08000328   Section        0  exti.o(i.EXTI2_IRQHandler)
    i.EXTI3_IRQHandler                       0x0800034c   Section        0  exti.o(i.EXTI3_IRQHandler)
    i.EXTI4_IRQHandler                       0x08000370   Section        0  exti.o(i.EXTI4_IRQHandler)
    i.EXTI9_5_IRQHandler                     0x08000394   Section        0  exti.o(i.EXTI9_5_IRQHandler)
    i.EXTI_INIT                              0x08000420   Section        0  exti.o(i.EXTI_INIT)
    i.GPIO_Config                            0x080005c0   Section        0  gpio.o(i.GPIO_Config)
    i.GPIO_Toggle_Pin                        0x0800068c   Section        0  gpio.o(i.GPIO_Toggle_Pin)
    i.GetMaxPacketOutEP                      0x08000694   Section        0  usb.o(i.GetMaxPacketOutEP)
    GetMaxPacketOutEP                        0x08000695   Thumb Code    16  usb.o(i.GetMaxPacketOutEP)
    i.NVIC_USB_En                            0x080006a8   Section        0  exti.o(i.NVIC_USB_En)
    i.RCC_Config_72Mhz                       0x080006c0   Section        0  rcc.o(i.RCC_Config_72Mhz)
    i.RCC_Enable_AFIO                        0x08000784   Section        0  rcc.o(i.RCC_Enable_AFIO)
    i.RCC_Enable_PortA                       0x08000798   Section        0  rcc.o(i.RCC_Enable_PortA)
    i.RCC_Enable_PortC                       0x080007ac   Section        0  rcc.o(i.RCC_Enable_PortC)
    i.RCC_Enable_USB                         0x080007c0   Section        0  rcc.o(i.RCC_Enable_USB)
    i.SetSysClock                            0x080007d8   Section        0  system_stm32f10x.o(i.SetSysClock)
    SetSysClock                              0x080007d9   Thumb Code     8  system_stm32f10x.o(i.SetSysClock)
    i.SetSysClockTo72                        0x080007e0   Section        0  system_stm32f10x.o(i.SetSysClockTo72)
    SetSysClockTo72                          0x080007e1   Thumb Code   214  system_stm32f10x.o(i.SetSysClockTo72)
    i.SystemInit                             0x080008c0   Section        0  system_stm32f10x.o(i.SystemInit)
    i.TIM_Init_IT                            0x08000920   Section        0  timer.o(i.TIM_Init_IT)
    i.USBD_GetLen                            0x080009dc   Section        0  usb.o(i.USBD_GetLen)
    USBD_GetLen                              0x080009dd   Thumb Code    20  usb.o(i.USBD_GetLen)
    i.USB_BufferDescTable                    0x080009f0   Section        0  usb.o(i.USB_BufferDescTable)
    i.USB_EndpointInit                       0x08000a60   Section        0  usb.o(i.USB_EndpointInit)
    USB_EndpointInit                         0x08000a61   Thumb Code   214  usb.o(i.USB_EndpointInit)
    i.USB_GetString                          0x08000b36   Section        0  usb.o(i.USB_GetString)
    USB_GetString                            0x08000b37   Thumb Code    82  usb.o(i.USB_GetString)
    i.USB_Init                               0x08000b88   Section        0  usb.o(i.USB_Init)
    i.USB_LP_CAN1_RX0_IRQHandler             0x08000bc8   Section        0  usb.o(i.USB_LP_CAN1_RX0_IRQHandler)
    i.USB_ProcessDataInStage                 0x08000c44   Section        0  usb.o(i.USB_ProcessDataInStage)
    USB_ProcessDataInStage                   0x08000c45   Thumb Code   594  usb.o(i.USB_ProcessDataInStage)
    i.USB_ProcessDataOutStage                0x08000eac   Section        0  usb.o(i.USB_ProcessDataOutStage)
    USB_ProcessDataOutStage                  0x08000ead   Thumb Code   452  usb.o(i.USB_ProcessDataOutStage)
    i.USB_ProcessSetupStage                  0x08001094   Section        0  usb.o(i.USB_ProcessSetupStage)
    USB_ProcessSetupStage                    0x08001095   Thumb Code  1386  usb.o(i.USB_ProcessSetupStage)
    i.USB_ReadPMA                            0x08001610   Section        0  usb.o(i.USB_ReadPMA)
    i.USB_ResetCallBack                      0x08001638   Section        0  usb.o(i.USB_ResetCallBack)
    i.USB_TransactionCallBack                0x0800168c   Section        0  usb.o(i.USB_TransactionCallBack)
    i.USB_WritePMA                           0x08001884   Section        0  usb.o(i.USB_WritePMA)
    USB_WritePMA                             0x08001885   Thumb Code    62  usb.o(i.USB_WritePMA)
    i.delay                                  0x080018c2   Section        0  main.o(i.delay)
    i.do_somethingIT0                        0x080018dc   Section        0  exti.o(i.do_somethingIT0)
    i.do_somethingIT1                        0x080018de   Section        0  exti.o(i.do_somethingIT1)
    i.do_somethingIT10                       0x080018e0   Section        0  exti.o(i.do_somethingIT10)
    i.do_somethingIT11                       0x080018e2   Section        0  exti.o(i.do_somethingIT11)
    i.do_somethingIT12                       0x080018e4   Section        0  exti.o(i.do_somethingIT12)
    i.do_somethingIT13                       0x080018e6   Section        0  exti.o(i.do_somethingIT13)
    i.do_somethingIT14                       0x080018e8   Section        0  exti.o(i.do_somethingIT14)
    i.do_somethingIT15                       0x080018ea   Section        0  exti.o(i.do_somethingIT15)
    i.do_somethingIT2                        0x080018ec   Section        0  main.o(i.do_somethingIT2)
    i.do_somethingIT3                        0x08001900   Section        0  exti.o(i.do_somethingIT3)
    i.do_somethingIT4                        0x08001902   Section        0  exti.o(i.do_somethingIT4)
    i.do_somethingIT5                        0x08001904   Section        0  exti.o(i.do_somethingIT5)
    i.do_somethingIT6                        0x08001906   Section        0  exti.o(i.do_somethingIT6)
    i.do_somethingIT7                        0x08001908   Section        0  exti.o(i.do_somethingIT7)
    i.do_somethingIT8                        0x0800190a   Section        0  exti.o(i.do_somethingIT8)
    i.do_somethingIT9                        0x0800190c   Section        0  exti.o(i.do_somethingIT9)
    i.get_pin_number                         0x0800190e   Section        0  exti.o(i.get_pin_number)
    i.main                                   0x0800192c   Section        0  main.o(i.main)
    .data                                    0x20000000   Section        3  gpio.o(.data)
    .data                                    0x20000004   Section      125  usb.o(.data)
    epindex                                  0x20000004   Data           1  usb.o(.data)
    bCount                                   0x20000006   Data           2  usb.o(.data)
    buffin                                   0x20000008   Data           4  usb.o(.data)
    config                                   0x2000000c   Data           1  usb.o(.data)
    DevRequest                               0x2000000e   Data           8  usb.o(.data)
    bLength                                  0x20000016   Data           2  usb.o(.data)
    u8Address                                0x20000018   Data           1  usb.o(.data)
    ControlState                             0x20000019   Data           1  usb.o(.data)
    CDC_LineCoding                           0x2000001c   Data           8  usb.o(.data)
    LangIDDesc                               0x20000028   Data           4  usb.o(.data)
    DeviceDesc                               0x2000002c   Data          18  usb.o(.data)
    ConfigDesc                               0x2000003e   Data          67  usb.o(.data)
    .bss                                     0x20000084   Section      668  usb.o(.bss)
    maxPacketOutEP                           0x20000084   Data          16  usb.o(.bss)
    bufferControl                            0x20000094   Data          64  usb.o(.bss)
    EP0_buffer                               0x200000d4   Data          10  usb.o(.bss)
    buffout                                  0x200000de   Data          64  usb.o(.bss)
    StrDesc                                  0x20000120   Data         512  usb.o(.bss)
    .bss                                     0x20000320   Section       96  libspace.o(.bss)
    HEAP                                     0x20000380   Section      512  startup_stm32f10x_md.o(HEAP)
    Heap_Mem                                 0x20000380   Data         512  startup_stm32f10x_md.o(HEAP)
    STACK                                    0x20000580   Section     1024  startup_stm32f10x_md.o(STACK)
    Stack_Mem                                0x20000580   Data        1024  startup_stm32f10x_md.o(STACK)
    __initial_sp                             0x20000980   Data           0  startup_stm32f10x_md.o(STACK)

    Global Symbols

    Symbol Name                              Value     Ov Type        Size  Object(Section)

    BuildAttributes$$THM_ISAv4$P$D$K$B$S$PE$A:L22UL41UL21$X:L11$S22US41US21$IEEE1$IW$USESV6$~STKCKD$USESV7$~SHL$OSPACE$ROPI$EBA8$UX$STANDARDLIB$REQ8$PRES8$EABIv2 0x00000000   Number         0  anon$$obj.o ABSOLUTE
    __ARM_use_no_argv                        0x00000000   Number         0  main.o ABSOLUTE
    __ARM_exceptions_init                     - Undefined Weak Reference
    __alloca_initialize                       - Undefined Weak Reference
    __arm_preinit_                            - Undefined Weak Reference
    __cpp_initialize__aeabi_                  - Undefined Weak Reference
    __cxa_finalize                            - Undefined Weak Reference
    __rt_locale                               - Undefined Weak Reference
    __sigvec_lookup                           - Undefined Weak Reference
    _atexit_init                              - Undefined Weak Reference
    _call_atexit_fns                          - Undefined Weak Reference
    _clock_init                               - Undefined Weak Reference
    _fp_trap_init                             - Undefined Weak Reference
    _fp_trap_shutdown                         - Undefined Weak Reference
    _get_lc_collate                           - Undefined Weak Reference
    _get_lc_ctype                             - Undefined Weak Reference
    _get_lc_monetary                          - Undefined Weak Reference
    _get_lc_numeric                           - Undefined Weak Reference
    _get_lc_time                              - Undefined Weak Reference
    _getenv_init                              - Undefined Weak Reference
    _handle_redirection                       - Undefined Weak Reference
    _init_alloc                               - Undefined Weak Reference
    _init_user_alloc                          - Undefined Weak Reference
    _initio                                   - Undefined Weak Reference
    _rand_init                                - Undefined Weak Reference
    _signal_finish                            - Undefined Weak Reference
    _signal_init                              - Undefined Weak Reference
    _terminate_alloc                          - Undefined Weak Reference
    _terminate_user_alloc                     - Undefined Weak Reference
    _terminateio                              - Undefined Weak Reference
    __Vectors_Size                           0x000000ec   Number         0  startup_stm32f10x_md.o ABSOLUTE
    __Vectors                                0x08000000   Data           4  startup_stm32f10x_md.o(RESET)
    __Vectors_End                            0x080000ec   Data           0  startup_stm32f10x_md.o(RESET)
    __main                                   0x080000ed   Thumb Code     8  __main.o(!!!main)
    __scatterload                            0x080000f5   Thumb Code     0  __scatter.o(!!!scatter)
    __scatterload_rt2                        0x080000f5   Thumb Code    44  __scatter.o(!!!scatter)
    __scatterload_rt2_thumb_only             0x080000f5   Thumb Code     0  __scatter.o(!!!scatter)
    __scatterload_null                       0x08000103   Thumb Code     0  __scatter.o(!!!scatter)
    __scatterload_copy                       0x08000129   Thumb Code    26  __scatter_copy.o(!!handler_copy)
    __scatterload_zeroinit                   0x08000145   Thumb Code    28  __scatter_zi.o(!!handler_zi)
    __rt_lib_init                            0x08000161   Thumb Code     0  libinit.o(.ARM.Collect$$libinit$$00000000)
    __rt_lib_init_alloca_1                   0x08000163   Thumb Code     0  libinit2.o(.ARM.Collect$$libinit$$0000002E)
    __rt_lib_init_argv_1                     0x08000163   Thumb Code     0  libinit2.o(.ARM.Collect$$libinit$$0000002C)
    __rt_lib_init_atexit_1                   0x08000163   Thumb Code     0  libinit2.o(.ARM.Collect$$libinit$$0000001B)
    __rt_lib_init_clock_1                    0x08000163   Thumb Code     0  libinit2.o(.ARM.Collect$$libinit$$00000021)
    __rt_lib_init_cpp_1                      0x08000163   Thumb Code     0  libinit2.o(.ARM.Collect$$libinit$$00000032)
    __rt_lib_init_exceptions_1               0x08000163   Thumb Code     0  libinit2.o(.ARM.Collect$$libinit$$00000030)
    __rt_lib_init_fp_1                       0x08000163   Thumb Code     0  libinit2.o(.ARM.Collect$$libinit$$00000002)
    __rt_lib_init_fp_trap_1                  0x08000163   Thumb Code     0  libinit2.o(.ARM.Collect$$libinit$$0000001F)
    __rt_lib_init_getenv_1                   0x08000163   Thumb Code     0  libinit2.o(.ARM.Collect$$libinit$$00000023)
    __rt_lib_init_heap_1                     0x08000163   Thumb Code     0  libinit2.o(.ARM.Collect$$libinit$$0000000A)
    __rt_lib_init_lc_collate_1               0x08000163   Thumb Code     0  libinit2.o(.ARM.Collect$$libinit$$00000011)
    __rt_lib_init_lc_ctype_1                 0x08000163   Thumb Code     0  libinit2.o(.ARM.Collect$$libinit$$00000013)
    __rt_lib_init_lc_monetary_1              0x08000163   Thumb Code     0  libinit2.o(.ARM.Collect$$libinit$$00000015)
    __rt_lib_init_lc_numeric_1               0x08000163   Thumb Code     0  libinit2.o(.ARM.Collect$$libinit$$00000017)
    __rt_lib_init_lc_time_1                  0x08000163   Thumb Code     0  libinit2.o(.ARM.Collect$$libinit$$00000019)
    __rt_lib_init_preinit_1                  0x08000163   Thumb Code     0  libinit2.o(.ARM.Collect$$libinit$$00000004)
    __rt_lib_init_rand_1                     0x08000163   Thumb Code     0  libinit2.o(.ARM.Collect$$libinit$$0000000E)
    __rt_lib_init_return                     0x08000163   Thumb Code     0  libinit2.o(.ARM.Collect$$libinit$$00000033)
    __rt_lib_init_signal_1                   0x08000163   Thumb Code     0  libinit2.o(.ARM.Collect$$libinit$$0000001D)
    __rt_lib_init_stdio_1                    0x08000163   Thumb Code     0  libinit2.o(.ARM.Collect$$libinit$$00000025)
    __rt_lib_init_user_alloc_1               0x08000163   Thumb Code     0  libinit2.o(.ARM.Collect$$libinit$$0000000C)
    __rt_lib_shutdown                        0x08000165   Thumb Code     0  libshutdown.o(.ARM.Collect$$libshutdown$$00000000)
    __rt_lib_shutdown_cpp_1                  0x08000167   Thumb Code     0  libshutdown2.o(.ARM.Collect$$libshutdown$$00000002)
    __rt_lib_shutdown_fp_trap_1              0x08000167   Thumb Code     0  libshutdown2.o(.ARM.Collect$$libshutdown$$00000007)
    __rt_lib_shutdown_heap_1                 0x08000167   Thumb Code     0  libshutdown2.o(.ARM.Collect$$libshutdown$$0000000F)
    __rt_lib_shutdown_return                 0x08000167   Thumb Code     0  libshutdown2.o(.ARM.Collect$$libshutdown$$00000010)
    __rt_lib_shutdown_signal_1               0x08000167   Thumb Code     0  libshutdown2.o(.ARM.Collect$$libshutdown$$0000000A)
    __rt_lib_shutdown_stdio_1                0x08000167   Thumb Code     0  libshutdown2.o(.ARM.Collect$$libshutdown$$00000004)
    __rt_lib_shutdown_user_alloc_1           0x08000167   Thumb Code     0  libshutdown2.o(.ARM.Collect$$libshutdown$$0000000C)
    __rt_entry                               0x08000169   Thumb Code     0  __rtentry.o(.ARM.Collect$$rtentry$$00000000)
    __rt_entry_presh_1                       0x08000169   Thumb Code     0  __rtentry2.o(.ARM.Collect$$rtentry$$00000002)
    __rt_entry_sh                            0x08000169   Thumb Code     0  __rtentry4.o(.ARM.Collect$$rtentry$$00000004)
    __rt_entry_li                            0x0800016f   Thumb Code     0  __rtentry2.o(.ARM.Collect$$rtentry$$0000000A)
    __rt_entry_postsh_1                      0x0800016f   Thumb Code     0  __rtentry2.o(.ARM.Collect$$rtentry$$00000009)
    __rt_entry_main                          0x08000173   Thumb Code     0  __rtentry2.o(.ARM.Collect$$rtentry$$0000000D)
    __rt_entry_postli_1                      0x08000173   Thumb Code     0  __rtentry2.o(.ARM.Collect$$rtentry$$0000000C)
    __rt_exit                                0x0800017b   Thumb Code     0  rtexit.o(.ARM.Collect$$rtexit$$00000000)
    __rt_exit_ls                             0x0800017d   Thumb Code     0  rtexit2.o(.ARM.Collect$$rtexit$$00000003)
    __rt_exit_prels_1                        0x0800017d   Thumb Code     0  rtexit2.o(.ARM.Collect$$rtexit$$00000002)
    __rt_exit_exit                           0x08000181   Thumb Code     0  rtexit2.o(.ARM.Collect$$rtexit$$00000004)
    Reset_Handler                            0x08000189   Thumb Code     4  startup_stm32f10x_md.o(.text)
    NMI_Handler                              0x0800018d   Thumb Code     2  startup_stm32f10x_md.o(.text)
    HardFault_Handler                        0x0800018f   Thumb Code     2  startup_stm32f10x_md.o(.text)
    MemManage_Handler                        0x08000191   Thumb Code     2  startup_stm32f10x_md.o(.text)
    BusFault_Handler                         0x08000193   Thumb Code     2  startup_stm32f10x_md.o(.text)
    UsageFault_Handler                       0x08000195   Thumb Code     2  startup_stm32f10x_md.o(.text)
    SVC_Handler                              0x08000197   Thumb Code     2  startup_stm32f10x_md.o(.text)
    DebugMon_Handler                         0x08000199   Thumb Code     2  startup_stm32f10x_md.o(.text)
    PendSV_Handler                           0x0800019b   Thumb Code     2  startup_stm32f10x_md.o(.text)
    SysTick_Handler                          0x0800019d   Thumb Code     2  startup_stm32f10x_md.o(.text)
    ADC1_2_IRQHandler                        0x0800019f   Thumb Code     0  startup_stm32f10x_md.o(.text)
    CAN1_RX1_IRQHandler                      0x0800019f   Thumb Code     0  startup_stm32f10x_md.o(.text)
    CAN1_SCE_IRQHandler                      0x0800019f   Thumb Code     0  startup_stm32f10x_md.o(.text)
    DMA1_Channel1_IRQHandler                 0x0800019f   Thumb Code     0  startup_stm32f10x_md.o(.text)
    DMA1_Channel2_IRQHandler                 0x0800019f   Thumb Code     0  startup_stm32f10x_md.o(.text)
    DMA1_Channel3_IRQHandler                 0x0800019f   Thumb Code     0  startup_stm32f10x_md.o(.text)
    DMA1_Channel4_IRQHandler                 0x0800019f   Thumb Code     0  startup_stm32f10x_md.o(.text)
    DMA1_Channel5_IRQHandler                 0x0800019f   Thumb Code     0  startup_stm32f10x_md.o(.text)
    DMA1_Channel6_IRQHandler                 0x0800019f   Thumb Code     0  startup_stm32f10x_md.o(.text)
    DMA1_Channel7_IRQHandler                 0x0800019f   Thumb Code     0  startup_stm32f10x_md.o(.text)
    FLASH_IRQHandler                         0x0800019f   Thumb Code     0  startup_stm32f10x_md.o(.text)
    I2C1_ER_IRQHandler                       0x0800019f   Thumb Code     0  startup_stm32f10x_md.o(.text)
    I2C1_EV_IRQHandler                       0x0800019f   Thumb Code     0  startup_stm32f10x_md.o(.text)
    I2C2_ER_IRQHandler                       0x0800019f   Thumb Code     0  startup_stm32f10x_md.o(.text)
    I2C2_EV_IRQHandler                       0x0800019f   Thumb Code     0  startup_stm32f10x_md.o(.text)
    PVD_IRQHandler                           0x0800019f   Thumb Code     0  startup_stm32f10x_md.o(.text)
    RCC_IRQHandler                           0x0800019f   Thumb Code     0  startup_stm32f10x_md.o(.text)
    RTCAlarm_IRQHandler                      0x0800019f   Thumb Code     0  startup_stm32f10x_md.o(.text)
    RTC_IRQHandler                           0x0800019f   Thumb Code     0  startup_stm32f10x_md.o(.text)
    SPI1_IRQHandler                          0x0800019f   Thumb Code     0  startup_stm32f10x_md.o(.text)
    SPI2_IRQHandler                          0x0800019f   Thumb Code     0  startup_stm32f10x_md.o(.text)
    TAMPER_IRQHandler                        0x0800019f   Thumb Code     0  startup_stm32f10x_md.o(.text)
    TIM1_BRK_IRQHandler                      0x0800019f   Thumb Code     0  startup_stm32f10x_md.o(.text)
    TIM1_CC_IRQHandler                       0x0800019f   Thumb Code     0  startup_stm32f10x_md.o(.text)
    TIM1_TRG_COM_IRQHandler                  0x0800019f   Thumb Code     0  startup_stm32f10x_md.o(.text)
    TIM1_UP_IRQHandler                       0x0800019f   Thumb Code     0  startup_stm32f10x_md.o(.text)
    TIM2_IRQHandler                          0x0800019f   Thumb Code     0  startup_stm32f10x_md.o(.text)
    TIM3_IRQHandler                          0x0800019f   Thumb Code     0  startup_stm32f10x_md.o(.text)
    TIM4_IRQHandler                          0x0800019f   Thumb Code     0  startup_stm32f10x_md.o(.text)
    USART1_IRQHandler                        0x0800019f   Thumb Code     0  startup_stm32f10x_md.o(.text)
    USART2_IRQHandler                        0x0800019f   Thumb Code     0  startup_stm32f10x_md.o(.text)
    USART3_IRQHandler                        0x0800019f   Thumb Code     0  startup_stm32f10x_md.o(.text)
    USBWakeUp_IRQHandler                     0x0800019f   Thumb Code     0  startup_stm32f10x_md.o(.text)
    USB_HP_CAN1_TX_IRQHandler                0x0800019f   Thumb Code     0  startup_stm32f10x_md.o(.text)
    WWDG_IRQHandler                          0x0800019f   Thumb Code     0  startup_stm32f10x_md.o(.text)
    __user_initial_stackheap                 0x080001a1   Thumb Code     0  startup_stm32f10x_md.o(.text)
    __use_two_region_memory                  0x080001c1   Thumb Code     2  heapauxi.o(.text)
    __rt_heap_escrow$2region                 0x080001c3   Thumb Code     2  heapauxi.o(.text)
    __rt_heap_expand$2region                 0x080001c5   Thumb Code     2  heapauxi.o(.text)
    __user_setup_stackheap                   0x080001c7   Thumb Code    74  sys_stackheap_outer.o(.text)
    exit                                     0x08000211   Thumb Code    18  exit.o(.text)
    __user_libspace                          0x08000225   Thumb Code     8  libspace.o(.text)
    __user_perproc_libspace                  0x08000225   Thumb Code     0  libspace.o(.text)
    __user_perthread_libspace                0x08000225   Thumb Code     0  libspace.o(.text)
    _sys_exit                                0x0800022d   Thumb Code     8  sys_exit.o(.text)
    __I$use$semihosting                      0x08000239   Thumb Code     0  use_no_semi.o(.text)
    __use_no_semihosting_swi                 0x08000239   Thumb Code     2  use_no_semi.o(.text)
    __semihosting_library_function           0x0800023b   Thumb Code     0  indicate_semi.o(.text)
    EXTI0_IRQHandler                         0x0800023d   Thumb Code    30  exti.o(i.EXTI0_IRQHandler)
    EXTI15_10_IRQHandler                     0x08000261   Thumb Code   160  exti.o(i.EXTI15_10_IRQHandler)
    EXTI1_IRQHandler                         0x08000305   Thumb Code    30  exti.o(i.EXTI1_IRQHandler)
    EXTI2_IRQHandler                         0x08000329   Thumb Code    30  exti.o(i.EXTI2_IRQHandler)
    EXTI3_IRQHandler                         0x0800034d   Thumb Code    30  exti.o(i.EXTI3_IRQHandler)
    EXTI4_IRQHandler                         0x08000371   Thumb Code    30  exti.o(i.EXTI4_IRQHandler)
    EXTI9_5_IRQHandler                       0x08000395   Thumb Code   134  exti.o(i.EXTI9_5_IRQHandler)
    EXTI_INIT                                0x08000421   Thumb Code   390  exti.o(i.EXTI_INIT)
    GPIO_Config                              0x080005c1   Thumb Code   196  gpio.o(i.GPIO_Config)
    GPIO_Toggle_Pin                          0x0800068d   Thumb Code     8  gpio.o(i.GPIO_Toggle_Pin)
    NVIC_USB_En                              0x080006a9   Thumb Code    18  exti.o(i.NVIC_USB_En)
    RCC_Config_72Mhz                         0x080006c1   Thumb Code   186  rcc.o(i.RCC_Config_72Mhz)
    RCC_Enable_AFIO                          0x08000785   Thumb Code    16  rcc.o(i.RCC_Enable_AFIO)
    RCC_Enable_PortA                         0x08000799   Thumb Code    16  rcc.o(i.RCC_Enable_PortA)
    RCC_Enable_PortC                         0x080007ad   Thumb Code    16  rcc.o(i.RCC_Enable_PortC)
    RCC_Enable_USB                           0x080007c1   Thumb Code    18  rcc.o(i.RCC_Enable_USB)
    SystemInit                               0x080008c1   Thumb Code    78  system_stm32f10x.o(i.SystemInit)
    TIM_Init_IT                              0x08000921   Thumb Code   168  timer.o(i.TIM_Init_IT)
    USB_BufferDescTable                      0x080009f1   Thumb Code   102  usb.o(i.USB_BufferDescTable)
    USB_Init                                 0x08000b89   Thumb Code    60  usb.o(i.USB_Init)
    USB_LP_CAN1_RX0_IRQHandler               0x08000bc9   Thumb Code   120  usb.o(i.USB_LP_CAN1_RX0_IRQHandler)
    USB_ReadPMA                              0x08001611   Thumb Code    38  usb.o(i.USB_ReadPMA)
    USB_ResetCallBack                        0x08001639   Thumb Code    80  usb.o(i.USB_ResetCallBack)
    USB_TransactionCallBack                  0x0800168d   Thumb Code   484  usb.o(i.USB_TransactionCallBack)
    delay                                    0x080018c3   Thumb Code    26  main.o(i.delay)
    do_somethingIT0                          0x080018dd   Thumb Code     2  exti.o(i.do_somethingIT0)
    do_somethingIT1                          0x080018df   Thumb Code     2  exti.o(i.do_somethingIT1)
    do_somethingIT10                         0x080018e1   Thumb Code     2  exti.o(i.do_somethingIT10)
    do_somethingIT11                         0x080018e3   Thumb Code     2  exti.o(i.do_somethingIT11)
    do_somethingIT12                         0x080018e5   Thumb Code     2  exti.o(i.do_somethingIT12)
    do_somethingIT13                         0x080018e7   Thumb Code     2  exti.o(i.do_somethingIT13)
    do_somethingIT14                         0x080018e9   Thumb Code     2  exti.o(i.do_somethingIT14)
    do_somethingIT15                         0x080018eb   Thumb Code     2  exti.o(i.do_somethingIT15)
    do_somethingIT2                          0x080018ed   Thumb Code    14  main.o(i.do_somethingIT2)
    do_somethingIT3                          0x08001901   Thumb Code     2  exti.o(i.do_somethingIT3)
    do_somethingIT4                          0x08001903   Thumb Code     2  exti.o(i.do_somethingIT4)
    do_somethingIT5                          0x08001905   Thumb Code     2  exti.o(i.do_somethingIT5)
    do_somethingIT6                          0x08001907   Thumb Code     2  exti.o(i.do_somethingIT6)
    do_somethingIT7                          0x08001909   Thumb Code     2  exti.o(i.do_somethingIT7)
    do_somethingIT8                          0x0800190b   Thumb Code     2  exti.o(i.do_somethingIT8)
    do_somethingIT9                          0x0800190d   Thumb Code     2  exti.o(i.do_somethingIT9)
    get_pin_number                           0x0800190f   Thumb Code    30  exti.o(i.get_pin_number)
    main                                     0x0800192d   Thumb Code    90  main.o(i.main)
    Region$$Table$$Base                      0x08001994   Number         0  anon$$obj.o(Region$$Table)
    Region$$Table$$Limit                     0x080019b4   Number         0  anon$$obj.o(Region$$Table)
    check_reset_crl                          0x20000000   Data           1  gpio.o(.data)
    check_set                                0x20000001   Data           1  gpio.o(.data)
    check_reset_crh                          0x20000002   Data           1  gpio.o(.data)
    USB_ENUM_OK                              0x20000024   Data           1  usb.o(.data)
    __libspace_start                         0x20000320   Data          96  libspace.o(.bss)
    __temporary_stack_top$libspace           0x20000380   Data           0  libspace.o(.bss)



==============================================================================

Memory Map of the image

  Image Entry point : 0x080000ed

  Load Region LR_IROM1 (Base: 0x08000000, Size: 0x00001a38, Max: 0x00010000, ABSOLUTE)

    Execution Region ER_IROM1 (Base: 0x08000000, Size: 0x000019b4, Max: 0x00010000, ABSOLUTE)

    Base Addr    Size         Type   Attr      Idx    E Section Name        Object

    0x08000000   0x000000ec   Data   RO          563    RESET               startup_stm32f10x_md.o
    0x080000ec   0x00000008   Code   RO          640  * !!!main             c_w.l(__main.o)
    0x080000f4   0x00000034   Code   RO          799    !!!scatter          c_w.l(__scatter.o)
    0x08000128   0x0000001a   Code   RO          801    !!handler_copy      c_w.l(__scatter_copy.o)
    0x08000142   0x00000002   PAD
    0x08000144   0x0000001c   Code   RO          803    !!handler_zi        c_w.l(__scatter_zi.o)
    0x08000160   0x00000002   Code   RO          669    .ARM.Collect$$libinit$$00000000  c_w.l(libinit.o)
    0x08000162   0x00000000   Code   RO          676    .ARM.Collect$$libinit$$00000002  c_w.l(libinit2.o)
    0x08000162   0x00000000   Code   RO          678    .ARM.Collect$$libinit$$00000004  c_w.l(libinit2.o)
    0x08000162   0x00000000   Code   RO          681    .ARM.Collect$$libinit$$0000000A  c_w.l(libinit2.o)
    0x08000162   0x00000000   Code   RO          683    .ARM.Collect$$libinit$$0000000C  c_w.l(libinit2.o)
    0x08000162   0x00000000   Code   RO          685    .ARM.Collect$$libinit$$0000000E  c_w.l(libinit2.o)
    0x08000162   0x00000000   Code   RO          688    .ARM.Collect$$libinit$$00000011  c_w.l(libinit2.o)
    0x08000162   0x00000000   Code   RO          690    .ARM.Collect$$libinit$$00000013  c_w.l(libinit2.o)
    0x08000162   0x00000000   Code   RO          692    .ARM.Collect$$libinit$$00000015  c_w.l(libinit2.o)
    0x08000162   0x00000000   Code   RO          694    .ARM.Collect$$libinit$$00000017  c_w.l(libinit2.o)
    0x08000162   0x00000000   Code   RO          696    .ARM.Collect$$libinit$$00000019  c_w.l(libinit2.o)
    0x08000162   0x00000000   Code   RO          698    .ARM.Collect$$libinit$$0000001B  c_w.l(libinit2.o)
    0x08000162   0x00000000   Code   RO          700    .ARM.Collect$$libinit$$0000001D  c_w.l(libinit2.o)
    0x08000162   0x00000000   Code   RO          702    .ARM.Collect$$libinit$$0000001F  c_w.l(libinit2.o)
    0x08000162   0x00000000   Code   RO          704    .ARM.Collect$$libinit$$00000021  c_w.l(libinit2.o)
    0x08000162   0x00000000   Code   RO          706    .ARM.Collect$$libinit$$00000023  c_w.l(libinit2.o)
    0x08000162   0x00000000   Code   RO          708    .ARM.Collect$$libinit$$00000025  c_w.l(libinit2.o)
    0x08000162   0x00000000   Code   RO          712    .ARM.Collect$$libinit$$0000002C  c_w.l(libinit2.o)
    0x08000162   0x00000000   Code   RO          714    .ARM.Collect$$libinit$$0000002E  c_w.l(libinit2.o)
    0x08000162   0x00000000   Code   RO          716    .ARM.Collect$$libinit$$00000030  c_w.l(libinit2.o)
    0x08000162   0x00000000   Code   RO          718    .ARM.Collect$$libinit$$00000032  c_w.l(libinit2.o)
    0x08000162   0x00000002   Code   RO          719    .ARM.Collect$$libinit$$00000033  c_w.l(libinit2.o)
    0x08000164   0x00000002   Code   RO          739    .ARM.Collect$$libshutdown$$00000000  c_w.l(libshutdown.o)
    0x08000166   0x00000000   Code   RO          752    .ARM.Collect$$libshutdown$$00000002  c_w.l(libshutdown2.o)
    0x08000166   0x00000000   Code   RO          754    .ARM.Collect$$libshutdown$$00000004  c_w.l(libshutdown2.o)
    0x08000166   0x00000000   Code   RO          757    .ARM.Collect$$libshutdown$$00000007  c_w.l(libshutdown2.o)
    0x08000166   0x00000000   Code   RO          760    .ARM.Collect$$libshutdown$$0000000A  c_w.l(libshutdown2.o)
    0x08000166   0x00000000   Code   RO          762    .ARM.Collect$$libshutdown$$0000000C  c_w.l(libshutdown2.o)
    0x08000166   0x00000000   Code   RO          765    .ARM.Collect$$libshutdown$$0000000F  c_w.l(libshutdown2.o)
    0x08000166   0x00000002   Code   RO          766    .ARM.Collect$$libshutdown$$00000010  c_w.l(libshutdown2.o)
    0x08000168   0x00000000   Code   RO          642    .ARM.Collect$$rtentry$$00000000  c_w.l(__rtentry.o)
    0x08000168   0x00000000   Code   RO          646    .ARM.Collect$$rtentry$$00000002  c_w.l(__rtentry2.o)
    0x08000168   0x00000006   Code   RO          658    .ARM.Collect$$rtentry$$00000004  c_w.l(__rtentry4.o)
    0x0800016e   0x00000000   Code   RO          648    .ARM.Collect$$rtentry$$00000009  c_w.l(__rtentry2.o)
    0x0800016e   0x00000004   Code   RO          649    .ARM.Collect$$rtentry$$0000000A  c_w.l(__rtentry2.o)
    0x08000172   0x00000000   Code   RO          651    .ARM.Collect$$rtentry$$0000000C  c_w.l(__rtentry2.o)
    0x08000172   0x00000008   Code   RO          652    .ARM.Collect$$rtentry$$0000000D  c_w.l(__rtentry2.o)
    0x0800017a   0x00000002   Code   RO          673    .ARM.Collect$$rtexit$$00000000  c_w.l(rtexit.o)
    0x0800017c   0x00000000   Code   RO          721    .ARM.Collect$$rtexit$$00000002  c_w.l(rtexit2.o)
    0x0800017c   0x00000004   Code   RO          722    .ARM.Collect$$rtexit$$00000003  c_w.l(rtexit2.o)
    0x08000180   0x00000006   Code   RO          723    .ARM.Collect$$rtexit$$00000004  c_w.l(rtexit2.o)
    0x08000186   0x00000002   PAD
    0x08000188   0x00000038   Code   RO          564    .text               startup_stm32f10x_md.o
    0x080001c0   0x00000006   Code   RO          638    .text               c_w.l(heapauxi.o)
    0x080001c6   0x0000004a   Code   RO          660    .text               c_w.l(sys_stackheap_outer.o)
    0x08000210   0x00000012   Code   RO          662    .text               c_w.l(exit.o)
    0x08000222   0x00000002   PAD
    0x08000224   0x00000008   Code   RO          670    .text               c_w.l(libspace.o)
    0x0800022c   0x0000000c   Code   RO          731    .text               c_w.l(sys_exit.o)
    0x08000238   0x00000002   Code   RO          742    .text               c_w.l(use_no_semi.o)
    0x0800023a   0x00000000   Code   RO          744    .text               c_w.l(indicate_semi.o)
    0x0800023a   0x00000002   PAD
    0x0800023c   0x00000024   Code   RO          175    i.EXTI0_IRQHandler  exti.o
    0x08000260   0x000000a4   Code   RO          176    i.EXTI15_10_IRQHandler  exti.o
    0x08000304   0x00000024   Code   RO          177    i.EXTI1_IRQHandler  exti.o
    0x08000328   0x00000024   Code   RO          178    i.EXTI2_IRQHandler  exti.o
    0x0800034c   0x00000024   Code   RO          179    i.EXTI3_IRQHandler  exti.o
    0x08000370   0x00000024   Code   RO          180    i.EXTI4_IRQHandler  exti.o
    0x08000394   0x0000008c   Code   RO          181    i.EXTI9_5_IRQHandler  exti.o
    0x08000420   0x000001a0   Code   RO          182    i.EXTI_INIT         exti.o
    0x080005c0   0x000000cc   Code   RO          136    i.GPIO_Config       gpio.o
    0x0800068c   0x00000008   Code   RO          138    i.GPIO_Toggle_Pin   gpio.o
    0x08000694   0x00000014   Code   RO          444    i.GetMaxPacketOutEP  usb.o
    0x080006a8   0x00000018   Code   RO          184    i.NVIC_USB_En       exti.o
    0x080006c0   0x000000c4   Code   RO           61    i.RCC_Config_72Mhz  rcc.o
    0x08000784   0x00000014   Code   RO           63    i.RCC_Enable_AFIO   rcc.o
    0x08000798   0x00000014   Code   RO           65    i.RCC_Enable_PortA  rcc.o
    0x080007ac   0x00000014   Code   RO           67    i.RCC_Enable_PortC  rcc.o
    0x080007c0   0x00000018   Code   RO           71    i.RCC_Enable_USB    rcc.o
    0x080007d8   0x00000008   Code   RO          572    i.SetSysClock       system_stm32f10x.o
    0x080007e0   0x000000e0   Code   RO          573    i.SetSysClockTo72   system_stm32f10x.o
    0x080008c0   0x00000060   Code   RO          575    i.SystemInit        system_stm32f10x.o
    0x08000920   0x000000bc   Code   RO          356    i.TIM_Init_IT       timer.o
    0x080009dc   0x00000014   Code   RO          445    i.USBD_GetLen       usb.o
    0x080009f0   0x00000070   Code   RO          446    i.USB_BufferDescTable  usb.o
    0x08000a60   0x000000d6   Code   RO          447    i.USB_EndpointInit  usb.o
    0x08000b36   0x00000052   Code   RO          448    i.USB_GetString     usb.o
    0x08000b88   0x00000040   Code   RO          449    i.USB_Init          usb.o
    0x08000bc8   0x0000007c   Code   RO          450    i.USB_LP_CAN1_RX0_IRQHandler  usb.o
    0x08000c44   0x00000268   Code   RO          451    i.USB_ProcessDataInStage  usb.o
    0x08000eac   0x000001e8   Code   RO          452    i.USB_ProcessDataOutStage  usb.o
    0x08001094   0x0000057c   Code   RO          453    i.USB_ProcessSetupStage  usb.o
    0x08001610   0x00000026   Code   RO          454    i.USB_ReadPMA       usb.o
    0x08001636   0x00000002   PAD
    0x08001638   0x00000054   Code   RO          456    i.USB_ResetCallBack  usb.o
    0x0800168c   0x000001f8   Code   RO          457    i.USB_TransactionCallBack  usb.o
    0x08001884   0x0000003e   Code   RO          459    i.USB_WritePMA      usb.o
    0x080018c2   0x0000001a   Code   RO            1    i.delay             main.o
    0x080018dc   0x00000002   Code   RO          185    i.do_somethingIT0   exti.o
    0x080018de   0x00000002   Code   RO          186    i.do_somethingIT1   exti.o
    0x080018e0   0x00000002   Code   RO          187    i.do_somethingIT10  exti.o
    0x080018e2   0x00000002   Code   RO          188    i.do_somethingIT11  exti.o
    0x080018e4   0x00000002   Code   RO          189    i.do_somethingIT12  exti.o
    0x080018e6   0x00000002   Code   RO          190    i.do_somethingIT13  exti.o
    0x080018e8   0x00000002   Code   RO          191    i.do_somethingIT14  exti.o
    0x080018ea   0x00000002   Code   RO          192    i.do_somethingIT15  exti.o
    0x080018ec   0x00000014   Code   RO            2    i.do_somethingIT2   main.o
    0x08001900   0x00000002   Code   RO          194    i.do_somethingIT3   exti.o
    0x08001902   0x00000002   Code   RO          195    i.do_somethingIT4   exti.o
    0x08001904   0x00000002   Code   RO          196    i.do_somethingIT5   exti.o
    0x08001906   0x00000002   Code   RO          197    i.do_somethingIT6   exti.o
    0x08001908   0x00000002   Code   RO          198    i.do_somethingIT7   exti.o
    0x0800190a   0x00000002   Code   RO          199    i.do_somethingIT8   exti.o
    0x0800190c   0x00000002   Code   RO          200    i.do_somethingIT9   exti.o
    0x0800190e   0x0000001e   Code   RO          201    i.get_pin_number    exti.o
    0x0800192c   0x00000068   Code   RO            4    i.main              main.o
    0x08001994   0x00000020   Data   RO          797    Region$$Table       anon$$obj.o


    Execution Region RW_IRAM1 (Base: 0x20000000, Size: 0x00000980, Max: 0x00005000, ABSOLUTE)

    Base Addr    Size         Type   Attr      Idx    E Section Name        Object

    0x20000000   0x00000003   Data   RW          140    .data               gpio.o
    0x20000003   0x00000001   PAD
    0x20000004   0x0000007d   Data   RW          461    .data               usb.o
    0x20000081   0x00000003   PAD
    0x20000084   0x0000029c   Zero   RW          460    .bss                usb.o
    0x20000320   0x00000060   Zero   RW          671    .bss                c_w.l(libspace.o)
    0x20000380   0x00000200   Zero   RW          562    HEAP                startup_stm32f10x_md.o
    0x20000580   0x00000400   Zero   RW          561    STACK               startup_stm32f10x_md.o


==============================================================================

Image component sizes


      Code (inc. data)   RO Data    RW Data    ZI Data      Debug   Object Name

       984         72          0          0          0      10410   exti.o
       212         16          0          3          0       5352   gpio.o
       150         20          0          0          0       6073   main.o
       280         28          0          0          0       1920   rcc.o
        56         22        236          0       1536        820   startup_stm32f10x_md.o
       328         28          0          0          0       1857   system_stm32f10x.o
       188         20          0          0          0       1602   timer.o
      3832        274          0        125        668      17480   usb.o

    ----------------------------------------------------------------------
      6032        480        268        132       2204      45514   Object Totals
         0          0         32          0          0          0   (incl. Generated)
         2          0          0          4          0          0   (incl. Padding)

    ----------------------------------------------------------------------

      Code (inc. data)   RO Data    RW Data    ZI Data      Debug   Library Member Name

         8          0          0          0          0         68   __main.o
         0          0          0          0          0          0   __rtentry.o
        12          0          0          0          0          0   __rtentry2.o
         6          0          0          0          0          0   __rtentry4.o
        52          8          0          0          0          0   __scatter.o
        26          0          0          0          0          0   __scatter_copy.o
        28          0          0          0          0          0   __scatter_zi.o
        18          0          0          0          0         80   exit.o
         6          0          0          0          0        152   heapauxi.o
         0          0          0          0          0          0   indicate_semi.o
         2          0          0          0          0          0   libinit.o
         2          0          0          0          0          0   libinit2.o
         2          0          0          0          0          0   libshutdown.o
         2          0          0          0          0          0   libshutdown2.o
         8          4          0          0         96         68   libspace.o
         2          0          0          0          0          0   rtexit.o
        10          0          0          0          0          0   rtexit2.o
        12          4          0          0          0         68   sys_exit.o
        74          0          0          0          0         80   sys_stackheap_outer.o
         2          0          0          0          0         68   use_no_semi.o

    ----------------------------------------------------------------------
       280         16          0          0         96        584   Library Totals
         8          0          0          0          0          0   (incl. Padding)

    ----------------------------------------------------------------------

      Code (inc. data)   RO Data    RW Data    ZI Data      Debug   Library Name

       272         16          0          0         96        584   c_w.l

    ----------------------------------------------------------------------
       280         16          0          0         96        584   Library Totals

    ----------------------------------------------------------------------

==============================================================================


      Code (inc. data)   RO Data    RW Data    ZI Data      Debug   

      6312        496        268        132       2300      43338   Grand Totals
      6312        496        268        132       2300      43338   ELF Image Totals
      6312        496        268        132          0          0   ROM Totals

==============================================================================

    Total RO  Size (Code + RO Data)                 6580 (   6.43kB)
    Total RW  Size (RW Data + ZI Data)              2432 (   2.38kB)
    Total ROM Size (Code + RO Data + RW Data)       6712 (   6.55kB)

==============================================================================

